
 RUN  v3.2.4 /Users/Rakesh/Projects/sv-uvm-guide

 ❯ tests/topicTemplate.spec.ts (15 tests | 6 failed) 17ms
   ✓ Curriculum topic template compliance > has at least one migrated topic recorded in the tracker 1ms
   × Curriculum topic template compliance > T1_Foundational/F1A_The_Cost_of_Bugs/index.mdx exists and includes required headings in order 6ms
     → ## Build Your Mental Model missing in T1_Foundational/F1A_The_Cost_of_Bugs/index.mdx: expected -1 to be greater than -1
   ✓ Curriculum topic template compliance > T1_Foundational/F1A_The_Cost_of_Bugs/index.mdx front matter includes required fields 2ms
   × Curriculum topic template compliance > T1_Foundational/F1B_The_Verification_Mindset/index.mdx exists and includes required headings in order 1ms
     → ## Build Your Mental Model missing in T1_Foundational/F1B_The_Verification_Mindset/index.mdx: expected -1 to be greater than -1
   ✓ Curriculum topic template compliance > T1_Foundational/F1B_The_Verification_Mindset/index.mdx front matter includes required fields 1ms
   × Curriculum topic template compliance > T1_Foundational/F1C_Why_SystemVerilog/index.mdx exists and includes required headings in order 1ms
     → ## Build Your Mental Model missing in T1_Foundational/F1C_Why_SystemVerilog/index.mdx: expected -1 to be greater than -1
   ✓ Curriculum topic template compliance > T1_Foundational/F1C_Why_SystemVerilog/index.mdx front matter includes required fields 1ms
   × Curriculum topic template compliance > T1_Foundational/F2A_Core_Data_Types/index.mdx exists and includes required headings in order 1ms
     → ## Push Further missing in T1_Foundational/F2A_Core_Data_Types/index.mdx: expected -1 to be greater than -1
   ✓ Curriculum topic template compliance > T1_Foundational/F2A_Core_Data_Types/index.mdx front matter includes required fields 0ms
   × Curriculum topic template compliance > T1_Foundational/F2B_Dynamic_Structures/index.mdx exists and includes required headings in order 1ms
     → ## Push Further missing in T1_Foundational/F2B_Dynamic_Structures/index.mdx: expected -1 to be greater than -1
   ✓ Curriculum topic template compliance > T1_Foundational/F2B_Dynamic_Structures/index.mdx front matter includes required fields 0ms
   ✓ Curriculum topic template compliance > T1_Foundational/F2C_Procedural_Code_and_Flow_Control/index.mdx exists and includes required headings in order 0ms
   ✓ Curriculum topic template compliance > T1_Foundational/F2C_Procedural_Code_and_Flow_Control/index.mdx front matter includes required fields 1ms
   × Curriculum topic template compliance > T1_Foundational/F2D_Reusable_Code_and_Parallelism/index.mdx exists and includes required headings in order 1ms
     → ## Make It Work missing in T1_Foundational/F2D_Reusable_Code_and_Parallelism/index.mdx: expected -1 to be greater than -1
   ✓ Curriculum topic template compliance > T1_Foundational/F2D_Reusable_Code_and_Parallelism/index.mdx front matter includes required fields 0ms

 Test Files  1 failed (1)
      Tests  6 failed | 9 passed (15)
   Start at  04:47:08
   Duration  1.38s (transform 41ms, setup 89ms, collect 59ms, tests 17ms, environment 512ms, prepare 93ms)

