// Vitest Snapshot v1, https://vitest.dev/guide/snapshot.html

exports[`ScoreboardConnectorExercise component > renders ports with hover accent fill class 1`] = `
<DocumentFragment>
  <div
    class="w-full max-w-2xl mx-auto p-4 bg-white/10 backdrop-blur-lg border border-white/20 rounded-lg shadow-lg"
  >
    <h3
      class="text-lg font-semibold mb-4 text-center text-primary"
    >
      Connect the UVM Components
    </h3>
    <p
      class="text-sm text-center text-muted-foreground mb-4"
    >
      Click on an output port (e.g., an analysis_port on a monitor) and then click on a compatible input port (e.g., an analysis_imp on a scoreboard or coverage collector) to make a connection.
    </p>
    <svg
      class="border border-white/20 rounded bg-white/10"
      height="400"
      viewBox="0 0 600 400"
      width="100%"
    >
      <g
        transform="translate(50, 150)"
      >
        <rect
          fill="hsla(var(--primary-foreground), 0.1)"
          height="80"
          rx="5"
          stroke="hsl(var(--primary))"
          stroke-width="1.5"
          width="150"
        />
        <text
          fill="hsl(var(--foreground))"
          font-size="12"
          text-anchor="middle"
          x="75"
          y="20"
        >
          UVM Monitor
        </text>
        <circle
          aria-label="Port trans_ap on UVM Monitor"
          class="cursor-pointer hover:fill-[hsl(var(--accent))]"
          cx="145"
          cy="40"
          fill="hsl(var(--primary-foreground))"
          r="8"
          stroke="hsl(var(--primary))"
          stroke-width="1.5"
        />
      </g>
      <g
        transform="translate(350, 50)"
      >
        <rect
          fill="hsla(var(--primary-foreground), 0.1)"
          height="80"
          rx="5"
          stroke="hsl(var(--primary))"
          stroke-width="1.5"
          width="150"
        />
        <text
          fill="hsl(var(--foreground))"
          font-size="12"
          text-anchor="middle"
          x="75"
          y="20"
        >
          Scoreboard
        </text>
        <circle
          aria-label="Port actual_trans_imp on Scoreboard"
          class="cursor-pointer hover:fill-[hsl(var(--accent))]"
          cx="5"
          cy="40"
          fill="hsl(var(--primary-foreground))"
          r="8"
          stroke="hsl(var(--primary))"
          stroke-width="1.5"
        />
      </g>
      <g
        transform="translate(350, 250)"
      >
        <rect
          fill="hsla(var(--primary-foreground), 0.1)"
          height="80"
          rx="5"
          stroke="hsl(var(--primary))"
          stroke-width="1.5"
          width="150"
        />
        <text
          fill="hsl(var(--foreground))"
          font-size="12"
          text-anchor="middle"
          x="75"
          y="20"
        >
          Coverage Collector
        </text>
        <circle
          aria-label="Port observed_trans_imp on Coverage Collector"
          class="cursor-pointer hover:fill-[hsl(var(--accent))]"
          cx="5"
          cy="40"
          fill="hsl(var(--primary-foreground))"
          r="8"
          stroke="hsl(var(--primary))"
          stroke-width="1.5"
        />
      </g>
    </svg>
    <div
      class="mt-4 flex justify-center"
    >
      <button
        class="inline-flex items-center justify-center rounded-md text-sm font-medium ring-offset-background transition-colors focus-visible:outline-none focus-visible:ring-2 focus-visible:ring-ring focus-visible:ring-offset-2 disabled:pointer-events-none disabled:opacity-50 bg-destructive text-destructive-foreground hover:bg-destructive/90 h-10 px-4 py-2"
      >
        Reset Connections
      </button>
    </div>
  </div>
</DocumentFragment>
`;
